﻿
> samastham-website@0.0.0 build
> vite build

[36mvite v7.3.1 [32mbuilding client environment for production...[36m[39m
transforming...
[32mΓ£ô[39m 3 modules transformed.
node.exe : 
[31mΓ£ù[39m Build 
failed in 197ms
At line:1 char:1
+ & "C:\Program 
Files\nodejs/node.exe" 
"C:\Users\hp\AppData\Ro
aming\npm ...
+ ~~~~~~~~~~~~~~~~~~~~~
~~~~~~~~~~~~~~~~~~~~~~~
~~~~~~~~~~~~~~~~~~~~~~~
~~
    + CategoryInfo     
         : NotSpecifi  
  ed: ([31mΓ£ù[39m   
  Build failed in 1    
97ms:String) [], R    
emoteException
    + FullyQualifiedEr 
   rorId : NativeComm  
  andError
 
[31merror during 
build:
[31m[@tailwindcss/vite
:generate:build] 
Cannot apply unknown 
utility class `shadow-[
0_8px_32px_rgba(0,`[31
m
file: [36mC:/Users/hp/
OneDrive/Desktop/Health
care_website/Samastham-
Website/src/index.css[
31m
    at 
onInvalidCandidate (fil
e:///C:/Users/hp/OneDri
ve/Desktop/Healthcare_w
ebsite/Samastham-Websit
e/node_modules/tailwind
css/dist/chunk-CT46QCH7
.mjs:21:1511)
    at Ce (file:///C:/U
sers/hp/OneDrive/Deskto
p/Healthcare_website/Sa
mastham-Website/node_mo
dules/tailwindcss/dist/
chunk-CT46QCH7.mjs:16:3
6326)
    at file:///C:/Users
/hp/OneDrive/Desktop/He
althcare_website/Samast
ham-Website/node_module
s/tailwindcss/dist/chun
k-CT46QCH7.mjs:21:355
    at br (file:///C:/U
sers/hp/OneDrive/Deskto
p/Healthcare_website/Sa
mastham-Website/node_mo
dules/tailwindcss/dist/
chunk-CT46QCH7.mjs:3:17
18)
    at I (file:///C:/Us
ers/hp/OneDrive/Desktop
/Healthcare_website/Sam
astham-Website/node_mod
ules/tailwindcss/dist/c
hunk-CT46QCH7.mjs:3:137
7)
    at Ae (file:///C:/U
sers/hp/OneDrive/Deskto
p/Healthcare_website/Sa
mastham-Website/node_mo
dules/tailwindcss/dist/
chunk-CT46QCH7.mjs:21:1
72)
    at Wi (file:///C:/U
sers/hp/OneDrive/Deskto
p/Healthcare_website/Sa
mastham-Website/node_mo
dules/tailwindcss/dist/
chunk-CT46QCH7.mjs:38:2
94)
    at async Za (file:/
//C:/Users/hp/OneDrive/
Desktop/Healthcare_webs
ite/Samastham-Website/n
ode_modules/tailwindcss
/dist/chunk-CT46QCH7.mj
s:38:631)
    at async rf (file:/
//C:/Users/hp/OneDrive/
Desktop/Healthcare_webs
ite/Samastham-Website/n
ode_modules/tailwindcss
/dist/chunk-CT46QCH7.mj
s:38:1406)
    at async lu (file:/
//C:/Users/hp/OneDrive/
Desktop/Healthcare_webs
ite/Samastham-Website/n
ode_modules/@tailwindcs
s/node/dist/index.mjs:1
0:3458)[39m
